2026-05-24 11:56:49.230 INFO  [background-preinit] Version - HV000001: Hibernate Validator 8.0.2.Final
2026-05-24 11:56:49.356 INFO  [main] KiranaBazaarApplication - Starting KiranaBazaarApplication using Java 21.0.5 with PID 1820 (D:\Project by me\kirana-bazaar\target\classes started by Harsh_Nain in D:\Project by me\kirana-bazaar)
2026-05-24 11:56:49.370 DEBUG [main] KiranaBazaarApplication - Running with Spring Boot v3.5.0, Spring v6.2.7
2026-05-24 11:56:49.375 INFO  [main] KiranaBazaarApplication - No active profile set, falling back to 1 default profile: "default"
2026-05-24 11:56:53.518 INFO  [main] Http11NioProtocol - Initializing ProtocolHandler ["http-nio-8081"]
2026-05-24 11:56:53.526 INFO  [main] StandardService - Starting service [Tomcat]
2026-05-24 11:56:53.527 INFO  [main] StandardEngine - Starting Servlet engine: [Apache Tomcat/10.1.41]
2026-05-24 11:56:53.701 INFO  [main] [/] - Initializing Spring embedded WebApplicationContext
2026-05-24 11:56:54.270 INFO  [main] LogHelper - HHH000204: Processing PersistenceUnitInfo [name: default]
2026-05-24 11:56:54.535 INFO  [main] Version - HHH000412: Hibernate ORM core version 6.6.15.Final
2026-05-24 11:56:54.706 INFO  [main] RegionFactoryInitiator - HHH000026: Second-level cache disabled
2026-05-24 11:56:55.893 INFO  [main] HikariDataSource - HikariPool-1 - Starting...
2026-05-24 11:57:05.569 INFO  [main] HikariPool - HikariPool-1 - Added connection com.mysql.cj.jdbc.ConnectionImpl@22002459
2026-05-24 11:57:05.571 INFO  [main] HikariDataSource - HikariPool-1 - Start completed.
2026-05-24 11:57:08.367 WARN  [main] deprecation - HHH90000025: MySQLDialect does not need to be specified explicitly using 'hibernate.dialect' (remove the property setting and it will be selected by default)
2026-05-24 11:57:08.451 INFO  [main] pooling - HHH10001005: Database info:
	Database JDBC URL [Connecting through datasource 'HikariDataSource (HikariPool-1)']
	Database driver: undefined/unknown
	Database version: 8.0.45
	Autocommit mode: undefined/unknown
	Isolation level: undefined/unknown
	Minimum pool size: undefined/unknown
	Maximum pool size: undefined/unknown
2026-05-24 11:57:11.906 INFO  [main] JtaPlatformInitiator - HHH000489: No JTA platform available (set 'hibernate.transaction.jta.platform' to enable JTA platform integration)
2026-05-24 11:57:15.812 DEBUG [main] JwtAuthFilter - Filter 'jwtAuthFilter' configured for use
2026-05-24 11:57:16.523 WARN  [main] JpaBaseConfiguration$JpaWebConfiguration - spring.jpa.open-in-view is enabled by default. Therefore, database queries may be performed during view rendering. Explicitly configure spring.jpa.open-in-view to disable this warning
2026-05-24 11:57:16.625 INFO  [main] InitializeUserDetailsBeanManagerConfigurer$InitializeUserDetailsManagerConfigurer - Global AuthenticationManager configured with UserDetailsService bean with name customUserDetailsService
2026-05-24 11:57:17.551 DEBUG [main] DefaultSecurityFilterChain - Will secure any request with filters: DisableEncodeUrlFilter, WebAsyncManagerIntegrationFilter, SecurityContextHolderFilter, HeaderWriterFilter, CorsFilter, LogoutFilter, JwtAuthFilter, RequestCacheAwareFilter, SecurityContextHolderAwareRequestFilter, AnonymousAuthenticationFilter, SessionManagementFilter, ExceptionTranslationFilter, AuthorizationFilter
2026-05-24 11:57:18.368 INFO  [main] Http11NioProtocol - Starting ProtocolHandler ["http-nio-8081"]
2026-05-24 11:57:18.450 INFO  [main] KiranaBazaarApplication - Started KiranaBazaarApplication in 30.529 seconds (process running for 31.749)
2026-05-24 11:57:53.476 INFO  [http-nio-8081-exec-1] [/] - Initializing Spring DispatcherServlet 'dispatcherServlet'
2026-05-24 11:57:53.515 DEBUG [http-nio-8081-exec-1] FilterChainProxy - Securing GET /api/products/9999
2026-05-24 11:57:53.522 DEBUG [http-nio-8081-exec-1] AnonymousAuthenticationFilter - Set SecurityContextHolder to anonymous SecurityContext
2026-05-24 11:57:53.525 DEBUG [http-nio-8081-exec-1] FilterChainProxy - Secured GET /api/products/9999
2026-05-24 11:57:53.552 DEBUG [http-nio-8081-exec-1] ProductController - GET /api/products/9999
2026-05-24 11:57:53.552 DEBUG [http-nio-8081-exec-1] ProductService - Fetching product by id=9999
2026-05-24 11:57:53.716 WARN  [http-nio-8081-exec-1] ProductService - Product not found: id=9999
2026-05-24 11:57:53.719 WARN  [http-nio-8081-exec-1] GlobalExceptionHandler - Resource not found: Product not found with id: 9999
2026-05-24 11:58:18.879 DEBUG [http-nio-8081-exec-2] FilterChainProxy - Securing GET /api/products/1
2026-05-24 11:58:18.879 DEBUG [http-nio-8081-exec-2] AnonymousAuthenticationFilter - Set SecurityContextHolder to anonymous SecurityContext
2026-05-24 11:58:18.880 DEBUG [http-nio-8081-exec-2] FilterChainProxy - Secured GET /api/products/1
2026-05-24 11:58:18.881 DEBUG [http-nio-8081-exec-2] ProductController - GET /api/products/1
2026-05-24 11:58:18.881 DEBUG [http-nio-8081-exec-2] ProductService - Fetching product by id=1
2026-05-24 11:58:18.886 WARN  [http-nio-8081-exec-2] ProductService - Product not found: id=1
2026-05-24 11:58:18.887 WARN  [http-nio-8081-exec-2] GlobalExceptionHandler - Resource not found: Product not found with id: 1
2026-05-24 11:58:27.289 DEBUG [http-nio-8081-exec-3] FilterChainProxy - Securing GET /api/products/12
2026-05-24 11:58:27.290 DEBUG [http-nio-8081-exec-3] AnonymousAuthenticationFilter - Set SecurityContextHolder to anonymous SecurityContext
2026-05-24 11:58:27.290 DEBUG [http-nio-8081-exec-3] FilterChainProxy - Secured GET /api/products/12
2026-05-24 11:58:27.291 DEBUG [http-nio-8081-exec-3] ProductController - GET /api/products/12
2026-05-24 11:58:27.291 DEBUG [http-nio-8081-exec-3] ProductService - Fetching product by id=12
2026-05-24 11:58:27.296 WARN  [http-nio-8081-exec-3] ProductService - Product not found: id=12
2026-05-24 11:58:27.297 WARN  [http-nio-8081-exec-3] GlobalExceptionHandler - Resource not found: Product not found with id: 12
2026-05-24 11:58:31.296 DEBUG [http-nio-8081-exec-5] FilterChainProxy - Securing GET /api/products/114
2026-05-24 11:58:31.297 DEBUG [http-nio-8081-exec-5] AnonymousAuthenticationFilter - Set SecurityContextHolder to anonymous SecurityContext
2026-05-24 11:58:31.297 DEBUG [http-nio-8081-exec-5] FilterChainProxy - Secured GET /api/products/114
2026-05-24 11:58:31.298 DEBUG [http-nio-8081-exec-5] ProductController - GET /api/products/114
2026-05-24 11:58:31.298 DEBUG [http-nio-8081-exec-5] ProductService - Fetching product by id=114
2026-05-24 11:58:31.303 WARN  [http-nio-8081-exec-5] ProductService - Product not found: id=114
2026-05-24 11:58:31.303 WARN  [http-nio-8081-exec-5] GlobalExceptionHandler - Resource not found: Product not found with id: 114
2026-05-24 12:36:01.409 INFO  [background-preinit] Version - HV000001: Hibernate Validator 8.0.2.Final
2026-05-24 12:36:01.539 INFO  [main] KiranaBazaarApplicationTests - Starting KiranaBazaarApplicationTests using Java 21.0.5 with PID 17112 (started by Harsh_Nain in D:\Project by me\kirana-bazaar)
2026-05-24 12:36:01.554 DEBUG [main] KiranaBazaarApplicationTests - Running with Spring Boot v3.5.0, Spring v6.2.7
2026-05-24 12:36:01.562 INFO  [main] KiranaBazaarApplicationTests - No active profile set, falling back to 1 default profile: "default"
2026-05-24 12:36:07.520 INFO  [main] LogHelper - HHH000204: Processing PersistenceUnitInfo [name: default]
2026-05-24 12:36:07.728 INFO  [main] Version - HHH000412: Hibernate ORM core version 6.6.15.Final
2026-05-24 12:36:07.882 INFO  [main] RegionFactoryInitiator - HHH000026: Second-level cache disabled
2026-05-24 12:36:10.090 INFO  [main] HikariDataSource - HikariPool-1 - Starting...
2026-05-24 12:36:12.086 INFO  [main] HikariPool - HikariPool-1 - Added connection com.mysql.cj.jdbc.ConnectionImpl@74450c9b
2026-05-24 12:36:12.088 INFO  [main] HikariDataSource - HikariPool-1 - Start completed.
2026-05-24 12:36:12.296 WARN  [main] deprecation - HHH90000025: MySQLDialect does not need to be specified explicitly using 'hibernate.dialect' (remove the property setting and it will be selected by default)
2026-05-24 12:36:12.330 INFO  [main] pooling - HHH10001005: Database info:
	Database JDBC URL [Connecting through datasource 'HikariDataSource (HikariPool-1)']
	Database driver: undefined/unknown
	Database version: 8.0.45
	Autocommit mode: undefined/unknown
	Isolation level: undefined/unknown
	Minimum pool size: undefined/unknown
	Maximum pool size: undefined/unknown
2026-05-24 12:36:15.453 INFO  [main] JtaPlatformInitiator - HHH000489: No JTA platform available (set 'hibernate.transaction.jta.platform' to enable JTA platform integration)
2026-05-24 12:36:18.808 WARN  [main] JpaBaseConfiguration$JpaWebConfiguration - spring.jpa.open-in-view is enabled by default. Therefore, database queries may be performed during view rendering. Explicitly configure spring.jpa.open-in-view to disable this warning
2026-05-24 12:36:18.922 INFO  [main] InitializeUserDetailsBeanManagerConfigurer$InitializeUserDetailsManagerConfigurer - Global AuthenticationManager configured with UserDetailsService bean with name customUserDetailsService
2026-05-24 12:36:20.368 DEBUG [main] DefaultSecurityFilterChain - Will secure any request with filters: DisableEncodeUrlFilter, WebAsyncManagerIntegrationFilter, SecurityContextHolderFilter, HeaderWriterFilter, CorsFilter, LogoutFilter, JwtAuthFilter, RequestCacheAwareFilter, SecurityContextHolderAwareRequestFilter, AnonymousAuthenticationFilter, SessionManagementFilter, ExceptionTranslationFilter, AuthorizationFilter
2026-05-24 12:36:21.720 INFO  [main] KiranaBazaarApplicationTests - Started KiranaBazaarApplicationTests in 22.232 seconds (process running for 26.388)
2026-05-24 12:36:26.753 INFO  [SpringApplicationShutdownHook] HikariDataSource - HikariPool-1 - Shutdown initiated...
2026-05-24 12:36:26.780 INFO  [SpringApplicationShutdownHook] HikariDataSource - HikariPool-1 - Shutdown completed.
2026-05-24 13:46:06.325 INFO  [background-preinit] Version - HV000001: Hibernate Validator 8.0.2.Final
2026-05-24 13:46:06.431 INFO  [main] KiranaBazaarApplicationTests - Starting KiranaBazaarApplicationTests using Java 21.0.5 with PID 18548 (started by Harsh_Nain in D:\Project by me\kirana-bazaar)
2026-05-24 13:46:06.443 DEBUG [main] KiranaBazaarApplicationTests - Running with Spring Boot v3.5.0, Spring v6.2.7
2026-05-24 13:46:06.449 INFO  [main] KiranaBazaarApplicationTests - No active profile set, falling back to 1 default profile: "default"
2026-05-24 13:46:11.489 INFO  [main] LogHelper - HHH000204: Processing PersistenceUnitInfo [name: default]
2026-05-24 13:46:11.736 INFO  [main] Version - HHH000412: Hibernate ORM core version 6.6.15.Final
2026-05-24 13:46:11.912 INFO  [main] RegionFactoryInitiator - HHH000026: Second-level cache disabled
2026-05-24 13:46:13.199 INFO  [main] HikariDataSource - HikariPool-1 - Starting...
2026-05-24 13:46:14.892 INFO  [main] HikariPool - HikariPool-1 - Added connection com.mysql.cj.jdbc.ConnectionImpl@7aa63f50
2026-05-24 13:46:14.899 INFO  [main] HikariDataSource - HikariPool-1 - Start completed.
2026-05-24 13:46:15.167 WARN  [main] deprecation - HHH90000025: MySQLDialect does not need to be specified explicitly using 'hibernate.dialect' (remove the property setting and it will be selected by default)
2026-05-24 13:46:15.200 INFO  [main] pooling - HHH10001005: Database info:
	Database JDBC URL [Connecting through datasource 'HikariDataSource (HikariPool-1)']
	Database driver: undefined/unknown
	Database version: 8.0.45
	Autocommit mode: undefined/unknown
	Isolation level: undefined/unknown
	Minimum pool size: undefined/unknown
	Maximum pool size: undefined/unknown
2026-05-24 13:46:17.227 INFO  [main] JtaPlatformInitiator - HHH000489: No JTA platform available (set 'hibernate.transaction.jta.platform' to enable JTA platform integration)
2026-05-24 13:46:18.958 WARN  [main] GenericWebApplicationContext - Exception encountered during context initialization - cancelling refresh attempt: org.springframework.beans.factory.UnsatisfiedDependencyException: Error creating bean with name 'userController' defined in file [D:\Project by me\kirana-bazaar\target\classes\com\kiranabazaar\controller\UserController.class]: Unsatisfied dependency expressed through constructor parameter 0: Error creating bean with name 'userService' defined in file [D:\Project by me\kirana-bazaar\target\classes\com\kiranabazaar\service\UserService.class]: Failed to instantiate [com.kiranabazaar.service.UserService]: Constructor threw exception
2026-05-24 13:46:18.965 INFO  [main] HikariDataSource - HikariPool-1 - Shutdown initiated...
2026-05-24 13:46:18.998 INFO  [main] HikariDataSource - HikariPool-1 - Shutdown completed.
2026-05-24 13:46:19.152 ERROR [main] SpringApplication - Application run failed
org.springframework.beans.factory.UnsatisfiedDependencyException: Error creating bean with name 'userController' defined in file [D:\Project by me\kirana-bazaar\target\classes\com\kiranabazaar\controller\UserController.class]: Unsatisfied dependency expressed through constructor parameter 0: Error creating bean with name 'userService' defined in file [D:\Project by me\kirana-bazaar\target\classes\com\kiranabazaar\service\UserService.class]: Failed to instantiate [com.kiranabazaar.service.UserService]: Constructor threw exception
	at org.springframework.beans.factory.support.ConstructorResolver.createArgumentArray(ConstructorResolver.java:804)
	at org.springframework.beans.factory.support.ConstructorResolver.autowireConstructor(ConstructorResolver.java:240)
	at org.springframework.beans.factory.support.AbstractAutowireCapableBeanFactory.autowireConstructor(AbstractAutowireCapableBeanFactory.java:1395)
	at org.springframework.beans.factory.support.AbstractAutowireCapableBeanFactory.createBeanInstance(AbstractAutowireCapableBeanFactory.java:1232)
	at org.springframework.beans.factory.support.AbstractAutowireCapableBeanFactory.doCreateBean(AbstractAutowireCapableBeanFactory.java:569)
	at org.springframework.beans.factory.support.AbstractAutowireCapableBeanFactory.createBean(AbstractAutowireCapableBeanFactory.java:529)
	at org.springframework.beans.factory.support.AbstractBeanFactory.lambda$doGetBean$0(AbstractBeanFactory.java:339)
	at org.springframework.beans.factory.support.DefaultSingletonBeanRegistry.getSingleton(DefaultSingletonBeanRegistry.java:373)
	at org.springframework.beans.factory.support.AbstractBeanFactory.doGetBean(AbstractBeanFactory.java:337)
	at org.springframework.beans.factory.support.AbstractBeanFactory.getBean(AbstractBeanFactory.java:202)
	at org.springframework.beans.factory.support.DefaultListableBeanFactory.instantiateSingleton(DefaultListableBeanFactory.java:1222)
	at org.springframework.beans.factory.support.DefaultListableBeanFactory.preInstantiateSingleton(DefaultListableBeanFactory.java:1188)
	at org.springframework.beans.factory.support.DefaultListableBeanFactory.preInstantiateSingletons(DefaultListableBeanFactory.java:1123)
	at org.springframework.context.support.AbstractApplicationContext.finishBeanFactoryInitialization(AbstractApplicationContext.java:987)
	at org.springframework.context.support.AbstractApplicationContext.refresh(AbstractApplicationContext.java:627)
	at org.springframework.boot.SpringApplication.refresh(SpringApplication.java:753)
	at org.springframework.boot.SpringApplication.refreshContext(SpringApplication.java:439)
	at org.springframework.boot.SpringApplication.run(SpringApplication.java:318)
	at org.springframework.boot.test.context.SpringBootContextLoader.lambda$loadContext$3(SpringBootContextLoader.java:144)
	at org.springframework.util.function.ThrowingSupplier.get(ThrowingSupplier.java:58)
	at org.springframework.util.function.ThrowingSupplier.get(ThrowingSupplier.java:46)
	at org.springframework.boot.SpringApplication.withHook(SpringApplication.java:1462)
	at org.springframework.boot.test.context.SpringBootContextLoader$ContextLoaderHook.run(SpringBootContextLoader.java:563)
	at org.springframework.boot.test.context.SpringBootContextLoader.loadContext(SpringBootContextLoader.java:144)
	at org.springframework.boot.test.context.SpringBootContextLoader.loadContext(SpringBootContextLoader.java:110)
	at org.springframework.test.context.cache.DefaultCacheAwareContextLoaderDelegate.loadContextInternal(DefaultCacheAwareContextLoaderDelegate.java:225)
	at org.springframework.test.context.cache.DefaultCacheAwareContextLoaderDelegate.loadContext(DefaultCacheAwareContextLoaderDelegate.java:152)
	at org.springframework.test.context.support.DefaultTestContext.getApplicationContext(DefaultTestContext.java:130)
	at org.springframework.test.context.web.ServletTestExecutionListener.setUpRequestContextIfNecessary(ServletTestExecutionListener.java:200)
	at org.springframework.test.context.web.ServletTestExecutionListener.prepareTestInstance(ServletTestExecutionListener.java:139)
	at org.springframework.test.context.TestContextManager.prepareTestInstance(TestContextManager.java:260)
	at org.springframework.test.context.junit.jupiter.SpringExtension.postProcessTestInstance(SpringExtension.java:159)
	at org.junit.jupiter.engine.descriptor.ClassBasedTestDescriptor.lambda$invokeTestInstancePostProcessors$10(ClassBasedTestDescriptor.java:383)
	at org.junit.jupiter.engine.descriptor.ClassBasedTestDescriptor.executeAndMaskThrowable(ClassBasedTestDescriptor.java:388)
	at org.junit.jupiter.engine.descriptor.ClassBasedTestDescriptor.lambda$invokeTestInstancePostProcessors$11(ClassBasedTestDescriptor.java:382)
	at java.base/java.util.stream.ForEachOps$ForEachOp$OfRef.accept(ForEachOps.java:184)
	at java.base/java.util.stream.ReferencePipeline$3$1.accept(ReferencePipeline.java:197)
	at java.base/java.util.stream.ReferencePipeline$2$1.accept(ReferencePipeline.java:179)
	at java.base/java.util.stream.ReferencePipeline$3$1.accept(ReferencePipeline.java:197)
	at java.base/java.util.ArrayList$ArrayListSpliterator.forEachRemaining(ArrayList.java:1708)
	at java.base/java.util.stream.AbstractPipeline.copyInto(AbstractPipeline.java:509)
	at java.base/java.util.stream.AbstractPipeline.wrapAndCopyInto(AbstractPipeline.java:499)
	at java.base/java.util.stream.ForEachOps$ForEachOp.evaluateSequential(ForEachOps.java:151)
	at java.base/java.util.stream.ForEachOps$ForEachOp$OfRef.evaluateSequential(ForEachOps.java:174)
	at java.base/java.util.stream.AbstractPipeline.evaluate(AbstractPipeline.java:234)
	at java.base/java.util.stream.ReferencePipeline.forEach(ReferencePipeline.java:596)
	at org.junit.jupiter.engine.descriptor.ClassBasedTestDescriptor.invokeTestInstancePostProcessors(ClassBasedTestDescriptor.java:382)
	at org.junit.jupiter.engine.descriptor.ClassBasedTestDescriptor.lambda$instantiateAndPostProcessTestInstance$6(ClassBasedTestDescriptor.java:293)
	at org.junit.platform.engine.support.hierarchical.ThrowableCollector.execute(ThrowableCollector.java:73)
	at org.junit.jupiter.engine.descriptor.ClassBasedTestDescriptor.instantiateAndPostProcessTestInstance(ClassBasedTestDescriptor.java:292)
	at org.junit.jupiter.engine.descriptor.ClassBasedTestDescriptor.lambda$testInstancesProvider$4(ClassBasedTestDescriptor.java:281)
	at java.base/java.util.Optional.orElseGet(Optional.java:364)
	at org.junit.jupiter.engine.descriptor.ClassBasedTestDescriptor.lambda$testInstancesProvider$5(ClassBasedTestDescriptor.java:280)
	at org.junit.jupiter.engine.execution.TestInstancesProvider.getTestInstances(TestInstancesProvider.java:27)
	at org.junit.jupiter.engine.descriptor.TestMethodTestDescriptor.lambda$prepare$0(TestMethodTestDescriptor.java:112)
	at org.junit.platform.engine.support.hierarchical.ThrowableCollector.execute(ThrowableCollector.java:73)
	at org.junit.jupiter.engine.descriptor.TestMethodTestDescriptor.prepare(TestMethodTestDescriptor.java:111)
	at org.junit.jupiter.engine.descriptor.TestMethodTestDescriptor.prepare(TestMethodTestDescriptor.java:69)
	at org.junit.platform.engine.support.hierarchical.NodeTestTask.lambda$prepare$2(NodeTestTask.java:128)
	at org.junit.platform.engine.support.hierarchical.ThrowableCollector.execute(ThrowableCollector.java:73)
	at org.junit.platform.engine.support.hierarchical.NodeTestTask.prepare(NodeTestTask.java:128)
	at org.junit.platform.engine.support.hierarchical.NodeTestTask.execute(NodeTestTask.java:95)
	at java.base/java.util.ArrayList.forEach(ArrayList.java:1596)
	at org.junit.platform.engine.support.hierarchical.SameThreadHierarchicalTestExecutorService.invokeAll(SameThreadHierarchicalTestExecutorService.java:41)
	at org.junit.platform.engine.support.hierarchical.NodeTestTask.lambda$executeRecursively$6(NodeTestTask.java:160)
	at org.junit.platform.engine.support.hierarchical.ThrowableCollector.execute(ThrowableCollector.java:73)
	at org.junit.platform.engine.support.hierarchical.NodeTestTask.lambda$executeRecursively$8(NodeTestTask.java:146)
	at org.junit.platform.engine.support.hierarchical.Node.around(Node.java:137)
	at org.junit.platform.engine.support.hierarchical.NodeTestTask.lambda$executeRecursively$9(NodeTestTask.java:144)
	at org.junit.platform.engine.support.hierarchical.ThrowableCollector.execute(ThrowableCollector.java:73)
	at org.junit.platform.engine.support.hierarchical.NodeTestTask.executeRecursively(NodeTestTask.java:143)
	at org.junit.platform.engine.support.hierarchical.NodeTestTask.execute(NodeTestTask.java:100)
	at java.base/java.util.ArrayList.forEach(ArrayList.java:1596)
	at org.junit.platform.engine.support.hierarchical.SameThreadHierarchicalTestExecutorService.invokeAll(SameThreadHierarchicalTestExecutorService.java:41)
	at org.junit.platform.engine.support.hierarchical.NodeTestTask.lambda$executeRecursively$6(NodeTestTask.java:160)
	at org.junit.platform.engine.support.hierarchical.ThrowableCollector.execute(ThrowableCollector.java:73)
	at org.junit.platform.engine.support.hierarchical.NodeTestTask.lambda$executeRecursively$8(NodeTestTask.java:146)
	at org.junit.platform.engine.support.hierarchical.Node.around(Node.java:137)
	at org.junit.platform.engine.support.hierarchical.NodeTestTask.lambda$executeRecursively$9(NodeTestTask.java:144)
	at org.junit.platform.engine.support.hierarchical.ThrowableCollector.execute(ThrowableCollector.java:73)
	at org.junit.platform.engine.support.hierarchical.NodeTestTask.executeRecursively(NodeTestTask.java:143)
	at org.junit.platform.engine.support.hierarchical.NodeTestTask.execute(NodeTestTask.java:100)
	at org.junit.platform.engine.support.hierarchical.SameThreadHierarchicalTestExecutorService.submit(SameThreadHierarchicalTestExecutorService.java:35)
	at org.junit.platform.engine.support.hierarchical.HierarchicalTestExecutor.execute(HierarchicalTestExecutor.java:57)
	at org.junit.platform.engine.support.hierarchical.HierarchicalTestEngine.execute(HierarchicalTestEngine.java:54)
	at org.junit.platform.launcher.core.EngineExecutionOrchestrator.execute(EngineExecutionOrchestrator.java:201)
	at org.junit.platform.launcher.core.EngineExecutionOrchestrator.execute(EngineExecutionOrchestrator.java:170)
	at org.junit.platform.launcher.core.EngineExecutionOrchestrator.execute(EngineExecutionOrchestrator.java:94)
	at org.junit.platform.launcher.core.EngineExecutionOrchestrator.lambda$execute$0(EngineExecutionOrchestrator.java:59)
	at org.junit.platform.launcher.core.EngineExecutionOrchestrator.withInterceptedStreams(EngineExecutionOrchestrator.java:142)
	at org.junit.platform.launcher.core.EngineExecutionOrchestrator.execute(EngineExecutionOrchestrator.java:58)
	at org.junit.platform.launcher.core.DefaultLauncher.execute(DefaultLauncher.java:103)
	at org.junit.platform.launcher.core.DefaultLauncher.execute(DefaultLauncher.java:85)
	at org.junit.platform.launcher.core.DelegatingLauncher.execute(DelegatingLauncher.java:47)
	at org.junit.platform.launcher.core.InterceptingLauncher.lambda$execute$1(InterceptingLauncher.java:39)
	at org.junit.platform.launcher.core.ClasspathAlignmentCheckingLauncherInterceptor.intercept(ClasspathAlignmentCheckingLauncherInterceptor.java:25)
	at org.junit.platform.launcher.core.InterceptingLauncher.execute(InterceptingLauncher.java:38)
	at org.junit.platform.launcher.core.DelegatingLauncher.execute(DelegatingLauncher.java:47)
	at org.apache.maven.surefire.junitplatform.LazyLauncher.execute(LazyLauncher.java:56)
	at org.apache.maven.surefire.junitplatform.JUnitPlatformProvider.execute(JUnitPlatformProvider.java:194)
	at org.apache.maven.surefire.junitplatform.JUnitPlatformProvider.invokeAllTests(JUnitPlatformProvider.java:150)
	at org.apache.maven.surefire.junitplatform.JUnitPlatformProvider.invoke(JUnitPlatformProvider.java:124)
	at org.apache.maven.surefire.booter.ForkedBooter.runSuitesInProcess(ForkedBooter.java:385)
	at org.apache.maven.surefire.booter.ForkedBooter.execute(ForkedBooter.java:162)
	at org.apache.maven.surefire.booter.ForkedBooter.run(ForkedBooter.java:507)
	at org.apache.maven.surefire.booter.ForkedBooter.main(ForkedBooter.java:495)
Caused by: org.springframework.beans.factory.BeanCreationException: Error creating bean with name 'userService' defined in file [D:\Project by me\kirana-bazaar\target\classes\com\kiranabazaar\service\UserService.class]: Failed to instantiate [com.kiranabazaar.service.UserService]: Constructor threw exception
	at org.springframework.beans.factory.support.ConstructorResolver.instantiate(ConstructorResolver.java:321)
	at org.springframework.beans.factory.support.ConstructorResolver.autowireConstructor(ConstructorResolver.java:309)
	at org.springframework.beans.factory.support.AbstractAutowireCapableBeanFactory.autowireConstructor(AbstractAutowireCapableBeanFactory.java:1395)
	at org.springframework.beans.factory.support.AbstractAutowireCapableBeanFactory.createBeanInstance(AbstractAutowireCapableBeanFactory.java:1232)
	at org.springframework.beans.factory.support.AbstractAutowireCapableBeanFactory.doCreateBean(AbstractAutowireCapableBeanFactory.java:569)
	at org.springframework.beans.factory.support.AbstractAutowireCapableBeanFactory.createBean(AbstractAutowireCapableBeanFactory.java:529)
	at org.springframework.beans.factory.support.AbstractBeanFactory.lambda$doGetBean$0(AbstractBeanFactory.java:339)
	at org.springframework.beans.factory.support.DefaultSingletonBeanRegistry.getSingleton(DefaultSingletonBeanRegistry.java:373)
	at org.springframework.beans.factory.support.AbstractBeanFactory.doGetBean(AbstractBeanFactory.java:337)
	at org.springframework.beans.factory.support.AbstractBeanFactory.getBean(AbstractBeanFactory.java:202)
	at org.springframework.beans.factory.support.DefaultListableBeanFactory.doResolveDependency(DefaultListableBeanFactory.java:1682)
	at org.springframework.beans.factory.support.DefaultListableBeanFactory.resolveDependency(DefaultListableBeanFactory.java:1628)
	at org.springframework.beans.factory.support.ConstructorResolver.resolveAutowiredArgument(ConstructorResolver.java:913)
	at org.springframework.beans.factory.support.ConstructorResolver.createArgumentArray(ConstructorResolver.java:791)
	... 105 more
Caused by: org.springframework.beans.BeanInstantiationException: Failed to instantiate [com.kiranabazaar.service.UserService]: Constructor threw exception
	at org.springframework.beans.BeanUtils.instantiateClass(BeanUtils.java:222)
	at org.springframework.beans.factory.support.SimpleInstantiationStrategy.instantiate(SimpleInstantiationStrategy.java:145)
	at org.springframework.beans.factory.support.ConstructorResolver.instantiate(ConstructorResolver.java:318)
	... 118 more
Caused by: java.lang.Error: Unresolved compilation problem: 
	Local variable email defined in an enclosing scope must be final or effectively final

	at com.kiranabazaar.service.UserService.<init>(UserService.java:59)
	at java.base/jdk.internal.reflect.DirectConstructorHandleAccessor.newInstance(DirectConstructorHandleAccessor.java:62)
	at java.base/java.lang.reflect.Constructor.newInstanceWithCaller(Constructor.java:502)
	at java.base/java.lang.reflect.Constructor.newInstance(Constructor.java:486)
	at org.springframework.beans.BeanUtils.instantiateClass(BeanUtils.java:209)
	... 120 more
2026-05-24 13:46:19.181 WARN  [main] TestContextManager - Caught exception while allowing TestExecutionListener [org.springframework.test.context.web.ServletTestExecutionListener] to prepare test instance [com.kiranabazaar.KiranaBazaarApplicationTests@2b592f17]
java.lang.IllegalStateException: Failed to load ApplicationContext for [WebMergedContextConfiguration@31e3b882 testClass = com.kiranabazaar.KiranaBazaarApplicationTests, locations = [], classes = [com.kiranabazaar.KiranaBazaarApplication], contextInitializerClasses = [], activeProfiles = [], propertySourceDescriptors = [], propertySourceProperties = ["org.springframework.boot.test.context.SpringBootTestContextBootstrapper=true"], contextCustomizers = [org.springframework.boot.test.context.filter.ExcludeFilterContextCustomizer@2101b44a, org.springframework.boot.test.json.DuplicateJsonObjectContextCustomizerFactory$DuplicateJsonObjectContextCustomizer@c055c54, org.springframework.boot.test.mock.mockito.MockitoContextCustomizer@0, org.springframework.boot.test.web.client.TestRestTemplateContextCustomizer@54a67a45, org.springframework.boot.test.web.reactor.netty.DisableReactorResourceFactoryGlobalResourcesContextCustomizerFactory$DisableReactorResourceFactoryGlobalResourcesContextCustomizerCustomizer@18b0930f, org.springframework.boot.test.autoconfigure.OnFailureConditionReportContextCustomizerFactory$OnFailureConditionReportContextCustomizer@395b56bb, org.springframework.boot.test.autoconfigure.actuate.observability.ObservabilityContextCustomizerFactory$DisableObservabilityContextCustomizer@1f, org.springframework.boot.test.autoconfigure.properties.PropertyMappingContextCustomizer@0, org.springframework.boot.test.autoconfigure.web.servlet.WebDriverContextCustomizer@85e6769, org.springframework.test.context.support.DynamicPropertiesContextCustomizer@0, org.springframework.boot.test.context.SpringBootTestAnnotation@651ace18], resourceBasePath = "src/main/webapp", contextLoader = org.springframework.boot.test.context.SpringBootContextLoader, parent = null]
	at org.springframework.test.context.cache.DefaultCacheAwareContextLoaderDelegate.loadContext(DefaultCacheAwareContextLoaderDelegate.java:180)
	at org.springframework.test.context.support.DefaultTestContext.getApplicationContext(DefaultTestContext.java:130)
	at org.springframework.test.context.web.ServletTestExecutionListener.setUpRequestContextIfNecessary(ServletTestExecutionListener.java:200)
	at org.springframework.test.context.web.ServletTestExecutionListener.prepareTestInstance(ServletTestExecutionListener.java:139)
	at org.springframework.test.context.TestContextManager.prepareTestInstance(TestContextManager.java:260)
	at org.springframework.test.context.junit.jupiter.SpringExtension.postProcessTestInstance(SpringExtension.java:159)
	at org.junit.jupiter.engine.descriptor.ClassBasedTestDescriptor.lambda$invokeTestInstancePostProcessors$10(ClassBasedTestDescriptor.java:383)
	at org.junit.jupiter.engine.descriptor.ClassBasedTestDescriptor.executeAndMaskThrowable(ClassBasedTestDescriptor.java:388)
	at org.junit.jupiter.engine.descriptor.ClassBasedTestDescriptor.lambda$invokeTestInstancePostProcessors$11(ClassBasedTestDescriptor.java:382)
	at java.base/java.util.stream.ForEachOps$ForEachOp$OfRef.accept(ForEachOps.java:184)
	at java.base/java.util.stream.ReferencePipeline$3$1.accept(ReferencePipeline.java:197)
	at java.base/java.util.stream.ReferencePipeline$2$1.accept(ReferencePipeline.java:179)
	at java.base/java.util.stream.ReferencePipeline$3$1.accept(ReferencePipeline.java:197)
	at java.base/java.util.ArrayList$ArrayListSpliterator.forEachRemaining(ArrayList.java:1708)
	at java.base/java.util.stream.AbstractPipeline.copyInto(AbstractPipeline.java:509)
	at java.base/java.util.stream.AbstractPipeline.wrapAndCopyInto(AbstractPipeline.java:499)
	at java.base/java.util.stream.ForEachOps$ForEachOp.evaluateSequential(ForEachOps.java:151)
	at java.base/java.util.stream.ForEachOps$ForEachOp$OfRef.evaluateSequential(ForEachOps.java:174)
	at java.base/java.util.stream.AbstractPipeline.evaluate(AbstractPipeline.java:234)
	at java.base/java.util.stream.ReferencePipeline.forEach(ReferencePipeline.java:596)
	at org.junit.jupiter.engine.descriptor.ClassBasedTestDescriptor.invokeTestInstancePostProcessors(ClassBasedTestDescriptor.java:382)
	at org.junit.jupiter.engine.descriptor.ClassBasedTestDescriptor.lambda$instantiateAndPostProcessTestInstance$6(ClassBasedTestDescriptor.java:293)
	at org.junit.platform.engine.support.hierarchical.ThrowableCollector.execute(ThrowableCollector.java:73)
	at org.junit.jupiter.engine.descriptor.ClassBasedTestDescriptor.instantiateAndPostProcessTestInstance(ClassBasedTestDescriptor.java:292)
	at org.junit.jupiter.engine.descriptor.ClassBasedTestDescriptor.lambda$testInstancesProvider$4(ClassBasedTestDescriptor.java:281)
	at java.base/java.util.Optional.orElseGet(Optional.java:364)
	at org.junit.jupiter.engine.descriptor.ClassBasedTestDescriptor.lambda$testInstancesProvider$5(ClassBasedTestDescriptor.java:280)
	at org.junit.jupiter.engine.execution.TestInstancesProvider.getTestInstances(TestInstancesProvider.java:27)
	at org.junit.jupiter.engine.descriptor.TestMethodTestDescriptor.lambda$prepare$0(TestMethodTestDescriptor.java:112)
	at org.junit.platform.engine.support.hierarchical.ThrowableCollector.execute(ThrowableCollector.java:73)
	at org.junit.jupiter.engine.descriptor.TestMethodTestDescriptor.prepare(TestMethodTestDescriptor.java:111)
	at org.junit.jupiter.engine.descriptor.TestMethodTestDescriptor.prepare(TestMethodTestDescriptor.java:69)
	at org.junit.platform.engine.support.hierarchical.NodeTestTask.lambda$prepare$2(NodeTestTask.java:128)
	at org.junit.platform.engine.support.hierarchical.ThrowableCollector.execute(ThrowableCollector.java:73)
	at org.junit.platform.engine.support.hierarchical.NodeTestTask.prepare(NodeTestTask.java:128)
	at org.junit.platform.engine.support.hierarchical.NodeTestTask.execute(NodeTestTask.java:95)
	at java.base/java.util.ArrayList.forEach(ArrayList.java:1596)
	at org.junit.platform.engine.support.hierarchical.SameThreadHierarchicalTestExecutorService.invokeAll(SameThreadHierarchicalTestExecutorService.java:41)
	at org.junit.platform.engine.support.hierarchical.NodeTestTask.lambda$executeRecursively$6(NodeTestTask.java:160)
	at org.junit.platform.engine.support.hierarchical.ThrowableCollector.execute(ThrowableCollector.java:73)
	at org.junit.platform.engine.support.hierarchical.NodeTestTask.lambda$executeRecursively$8(NodeTestTask.java:146)
	at org.junit.platform.engine.support.hierarchical.Node.around(Node.java:137)
	at org.junit.platform.engine.support.hierarchical.NodeTestTask.lambda$executeRecursively$9(NodeTestTask.java:144)
	at org.junit.platform.engine.support.hierarchical.ThrowableCollector.execute(ThrowableCollector.java:73)
	at org.junit.platform.engine.support.hierarchical.NodeTestTask.executeRecursively(NodeTestTask.java:143)
	at org.junit.platform.engine.support.hierarchical.NodeTestTask.execute(NodeTestTask.java:100)
	at java.base/java.util.ArrayList.forEach(ArrayList.java:1596)
	at org.junit.platform.engine.support.hierarchical.SameThreadHierarchicalTestExecutorService.invokeAll(SameThreadHierarchicalTestExecutorService.java:41)
	at org.junit.platform.engine.support.hierarchical.NodeTestTask.lambda$executeRecursively$6(NodeTestTask.java:160)
	at org.junit.platform.engine.support.hierarchical.ThrowableCollector.execute(ThrowableCollector.java:73)
	at org.junit.platform.engine.support.hierarchical.NodeTestTask.lambda$executeRecursively$8(NodeTestTask.java:146)
	at org.junit.platform.engine.support.hierarchical.Node.around(Node.java:137)
	at org.junit.platform.engine.support.hierarchical.NodeTestTask.lambda$executeRecursively$9(NodeTestTask.java:144)
	at org.junit.platform.engine.support.hierarchical.ThrowableCollector.execute(ThrowableCollector.java:73)
	at org.junit.platform.engine.support.hierarchical.NodeTestTask.executeRecursively(NodeTestTask.java:143)
	at org.junit.platform.engine.support.hierarchical.NodeTestTask.execute(NodeTestTask.java:100)
	at org.junit.platform.engine.support.hierarchical.SameThreadHierarchicalTestExecutorService.submit(SameThreadHierarchicalTestExecutorService.java:35)
	at org.junit.platform.engine.support.hierarchical.HierarchicalTestExecutor.execute(HierarchicalTestExecutor.java:57)
	at org.junit.platform.engine.support.hierarchical.HierarchicalTestEngine.execute(HierarchicalTestEngine.java:54)
	at org.junit.platform.launcher.core.EngineExecutionOrchestrator.execute(EngineExecutionOrchestrator.java:201)
	at org.junit.platform.launcher.core.EngineExecutionOrchestrator.execute(EngineExecutionOrchestrator.java:170)
	at org.junit.platform.launcher.core.EngineExecutionOrchestrator.execute(EngineExecutionOrchestrator.java:94)
	at org.junit.platform.launcher.core.EngineExecutionOrchestrator.lambda$execute$0(EngineExecutionOrchestrator.java:59)
	at org.junit.platform.launcher.core.EngineExecutionOrchestrator.withInterceptedStreams(EngineExecutionOrchestrator.java:142)
	at org.junit.platform.launcher.core.EngineExecutionOrchestrator.execute(EngineExecutionOrchestrator.java:58)
	at org.junit.platform.launcher.core.DefaultLauncher.execute(DefaultLauncher.java:103)
	at org.junit.platform.launcher.core.DefaultLauncher.execute(DefaultLauncher.java:85)
	at org.junit.platform.launcher.core.DelegatingLauncher.execute(DelegatingLauncher.java:47)
	at org.junit.platform.launcher.core.InterceptingLauncher.lambda$execute$1(InterceptingLauncher.java:39)
	at org.junit.platform.launcher.core.ClasspathAlignmentCheckingLauncherInterceptor.intercept(ClasspathAlignmentCheckingLauncherInterceptor.java:25)
	at org.junit.platform.launcher.core.InterceptingLauncher.execute(InterceptingLauncher.java:38)
	at org.junit.platform.launcher.core.DelegatingLauncher.execute(DelegatingLauncher.java:47)
	at org.apache.maven.surefire.junitplatform.LazyLauncher.execute(LazyLauncher.java:56)
	at org.apache.maven.surefire.junitplatform.JUnitPlatformProvider.execute(JUnitPlatformProvider.java:194)
	at org.apache.maven.surefire.junitplatform.JUnitPlatformProvider.invokeAllTests(JUnitPlatformProvider.java:150)
	at org.apache.maven.surefire.junitplatform.JUnitPlatformProvider.invoke(JUnitPlatformProvider.java:124)
	at org.apache.maven.surefire.booter.ForkedBooter.runSuitesInProcess(ForkedBooter.java:385)
	at org.apache.maven.surefire.booter.ForkedBooter.execute(ForkedBooter.java:162)
	at org.apache.maven.surefire.booter.ForkedBooter.run(ForkedBooter.java:507)
	at org.apache.maven.surefire.booter.ForkedBooter.main(ForkedBooter.java:495)
Caused by: org.springframework.beans.factory.UnsatisfiedDependencyException: Error creating bean with name 'userController' defined in file [D:\Project by me\kirana-bazaar\target\classes\com\kiranabazaar\controller\UserController.class]: Unsatisfied dependency expressed through constructor parameter 0: Error creating bean with name 'userService' defined in file [D:\Project by me\kirana-bazaar\target\classes\com\kiranabazaar\service\UserService.class]: Failed to instantiate [com.kiranabazaar.service.UserService]: Constructor threw exception
	at org.springframework.beans.factory.support.ConstructorResolver.createArgumentArray(ConstructorResolver.java:804)
	at org.springframework.beans.factory.support.ConstructorResolver.autowireConstructor(ConstructorResolver.java:240)
	at org.springframework.beans.factory.support.AbstractAutowireCapableBeanFactory.autowireConstructor(AbstractAutowireCapableBeanFactory.java:1395)
	at org.springframework.beans.factory.support.AbstractAutowireCapableBeanFactory.createBeanInstance(AbstractAutowireCapableBeanFactory.java:1232)
	at org.springframework.beans.factory.support.AbstractAutowireCapableBeanFactory.doCreateBean(AbstractAutowireCapableBeanFactory.java:569)
	at org.springframework.beans.factory.support.AbstractAutowireCapableBeanFactory.createBean(AbstractAutowireCapableBeanFactory.java:529)
	at org.springframework.beans.factory.support.AbstractBeanFactory.lambda$doGetBean$0(AbstractBeanFactory.java:339)
	at org.springframework.beans.factory.support.DefaultSingletonBeanRegistry.getSingleton(DefaultSingletonBeanRegistry.java:373)
	at org.springframework.beans.factory.support.AbstractBeanFactory.doGetBean(AbstractBeanFactory.java:337)
	at org.springframework.beans.factory.support.AbstractBeanFactory.getBean(AbstractBeanFactory.java:202)
	at org.springframework.beans.factory.support.DefaultListableBeanFactory.instantiateSingleton(DefaultListableBeanFactory.java:1222)
	at org.springframework.beans.factory.support.DefaultListableBeanFactory.preInstantiateSingleton(DefaultListableBeanFactory.java:1188)
	at org.springframework.beans.factory.support.DefaultListableBeanFactory.preInstantiateSingletons(DefaultListableBeanFactory.java:1123)
	at org.springframework.context.support.AbstractApplicationContext.finishBeanFactoryInitialization(AbstractApplicationContext.java:987)
	at org.springframework.context.support.AbstractApplicationContext.refresh(AbstractApplicationContext.java:627)
	at org.springframework.boot.SpringApplication.refresh(SpringApplication.java:753)
	at org.springframework.boot.SpringApplication.refreshContext(SpringApplication.java:439)
	at org.springframework.boot.SpringApplication.run(SpringApplication.java:318)
	at org.springframework.boot.test.context.SpringBootContextLoader.lambda$loadContext$3(SpringBootContextLoader.java:144)
	at org.springframework.util.function.ThrowingSupplier.get(ThrowingSupplier.java:58)
	at org.springframework.util.function.ThrowingSupplier.get(ThrowingSupplier.java:46)
	at org.springframework.boot.SpringApplication.withHook(SpringApplication.java:1462)
	at org.springframework.boot.test.context.SpringBootContextLoader$ContextLoaderHook.run(SpringBootContextLoader.java:563)
	at org.springframework.boot.test.context.SpringBootContextLoader.loadContext(SpringBootContextLoader.java:144)
	at org.springframework.boot.test.context.SpringBootContextLoader.loadContext(SpringBootContextLoader.java:110)
	at org.springframework.test.context.cache.DefaultCacheAwareContextLoaderDelegate.loadContextInternal(DefaultCacheAwareContextLoaderDelegate.java:225)
	at org.springframework.test.context.cache.DefaultCacheAwareContextLoaderDelegate.loadContext(DefaultCacheAwareContextLoaderDelegate.java:152)
	... 79 more
Caused by: org.springframework.beans.factory.BeanCreationException: Error creating bean with name 'userService' defined in file [D:\Project by me\kirana-bazaar\target\classes\com\kiranabazaar\service\UserService.class]: Failed to instantiate [com.kiranabazaar.service.UserService]: Constructor threw exception
	at org.springframework.beans.factory.support.ConstructorResolver.instantiate(ConstructorResolver.java:321)
	at org.springframework.beans.factory.support.ConstructorResolver.autowireConstructor(ConstructorResolver.java:309)
	at org.springframework.beans.factory.support.AbstractAutowireCapableBeanFactory.autowireConstructor(AbstractAutowireCapableBeanFactory.java:1395)
	at org.springframework.beans.factory.support.AbstractAutowireCapableBeanFactory.createBeanInstance(AbstractAutowireCapableBeanFactory.java:1232)
	at org.springframework.beans.factory.support.AbstractAutowireCapableBeanFactory.doCreateBean(AbstractAutowireCapableBeanFactory.java:569)
	at org.springframework.beans.factory.support.AbstractAutowireCapableBeanFactory.createBean(AbstractAutowireCapableBeanFactory.java:529)
	at org.springframework.beans.factory.support.AbstractBeanFactory.lambda$doGetBean$0(AbstractBeanFactory.java:339)
	at org.springframework.beans.factory.support.DefaultSingletonBeanRegistry.getSingleton(DefaultSingletonBeanRegistry.java:373)
	at org.springframework.beans.factory.support.AbstractBeanFactory.doGetBean(AbstractBeanFactory.java:337)
	at org.springframework.beans.factory.support.AbstractBeanFactory.getBean(AbstractBeanFactory.java:202)
	at org.springframework.beans.factory.support.DefaultListableBeanFactory.doResolveDependency(DefaultListableBeanFactory.java:1682)
	at org.springframework.beans.factory.support.DefaultListableBeanFactory.resolveDependency(DefaultListableBeanFactory.java:1628)
	at org.springframework.beans.factory.support.ConstructorResolver.resolveAutowiredArgument(ConstructorResolver.java:913)
	at org.springframework.beans.factory.support.ConstructorResolver.createArgumentArray(ConstructorResolver.java:791)
	... 105 more
Caused by: org.springframework.beans.BeanInstantiationException: Failed to instantiate [com.kiranabazaar.service.UserService]: Constructor threw exception
	at org.springframework.beans.BeanUtils.instantiateClass(BeanUtils.java:222)
	at org.springframework.beans.factory.support.SimpleInstantiationStrategy.instantiate(SimpleInstantiationStrategy.java:145)
	at org.springframework.beans.factory.support.ConstructorResolver.instantiate(ConstructorResolver.java:318)
	... 118 more
Caused by: java.lang.Error: Unresolved compilation problem: 
	Local variable email defined in an enclosing scope must be final or effectively final

	at com.kiranabazaar.service.UserService.<init>(UserService.java:59)
	at java.base/jdk.internal.reflect.DirectConstructorHandleAccessor.newInstance(DirectConstructorHandleAccessor.java:62)
	at java.base/java.lang.reflect.Constructor.newInstanceWithCaller(Constructor.java:502)
	at java.base/java.lang.reflect.Constructor.newInstance(Constructor.java:486)
	at org.springframework.beans.BeanUtils.instantiateClass(BeanUtils.java:209)
	... 120 more
2026-05-24 13:51:00.503 INFO  [background-preinit] Version - HV000001: Hibernate Validator 8.0.2.Final
2026-05-24 13:51:00.533 INFO  [main] KiranaBazaarApplicationTests - Starting KiranaBazaarApplicationTests using Java 21.0.5 with PID 16436 (started by Harsh_Nain in D:\Project by me\kirana-bazaar)
2026-05-24 13:51:00.538 DEBUG [main] KiranaBazaarApplicationTests - Running with Spring Boot v3.5.0, Spring v6.2.7
2026-05-24 13:51:00.539 INFO  [main] KiranaBazaarApplicationTests - No active profile set, falling back to 1 default profile: "default"
2026-05-24 13:51:05.050 INFO  [main] LogHelper - HHH000204: Processing PersistenceUnitInfo [name: default]
2026-05-24 13:51:05.310 INFO  [main] Version - HHH000412: Hibernate ORM core version 6.6.15.Final
2026-05-24 13:51:05.468 INFO  [main] RegionFactoryInitiator - HHH000026: Second-level cache disabled
2026-05-24 13:51:06.722 INFO  [main] HikariDataSource - HikariPool-1 - Starting...
2026-05-24 13:51:07.866 INFO  [main] HikariPool - HikariPool-1 - Added connection com.mysql.cj.jdbc.ConnectionImpl@570299e3
2026-05-24 13:51:07.871 INFO  [main] HikariDataSource - HikariPool-1 - Start completed.
2026-05-24 13:51:08.299 WARN  [main] deprecation - HHH90000025: MySQLDialect does not need to be specified explicitly using 'hibernate.dialect' (remove the property setting and it will be selected by default)
2026-05-24 13:51:08.382 INFO  [main] pooling - HHH10001005: Database info:
	Database JDBC URL [Connecting through datasource 'HikariDataSource (HikariPool-1)']
	Database driver: undefined/unknown
	Database version: 8.0.45
	Autocommit mode: undefined/unknown
	Isolation level: undefined/unknown
	Minimum pool size: undefined/unknown
	Maximum pool size: undefined/unknown
2026-05-24 13:51:10.595 INFO  [main] JtaPlatformInitiator - HHH000489: No JTA platform available (set 'hibernate.transaction.jta.platform' to enable JTA platform integration)
2026-05-24 13:51:12.189 WARN  [main] JpaBaseConfiguration$JpaWebConfiguration - spring.jpa.open-in-view is enabled by default. Therefore, database queries may be performed during view rendering. Explicitly configure spring.jpa.open-in-view to disable this warning
2026-05-24 13:51:12.322 INFO  [main] InitializeUserDetailsBeanManagerConfigurer$InitializeUserDetailsManagerConfigurer - Global AuthenticationManager configured with UserDetailsService bean with name customUserDetailsService
2026-05-24 13:51:13.435 DEBUG [main] DefaultSecurityFilterChain - Will secure any request with filters: DisableEncodeUrlFilter, WebAsyncManagerIntegrationFilter, SecurityContextHolderFilter, HeaderWriterFilter, CorsFilter, LogoutFilter, JwtAuthFilter, RequestCacheAwareFilter, SecurityContextHolderAwareRequestFilter, AnonymousAuthenticationFilter, SessionManagementFilter, ExceptionTranslationFilter, AuthorizationFilter
2026-05-24 13:51:14.602 INFO  [main] KiranaBazaarApplicationTests - Started KiranaBazaarApplicationTests in 14.731 seconds (process running for 17.803)
2026-05-24 13:51:16.322 INFO  [SpringApplicationShutdownHook] HikariDataSource - HikariPool-1 - Shutdown initiated...
2026-05-24 13:51:16.352 INFO  [SpringApplicationShutdownHook] HikariDataSource - HikariPool-1 - Shutdown completed.
2026-05-24 13:53:44.419 INFO  [background-preinit] Version - HV000001: Hibernate Validator 8.0.2.Final
2026-05-24 13:53:44.566 INFO  [main] KiranaBazaarApplication - Starting KiranaBazaarApplication using Java 21.0.5 with PID 3684 (D:\Project by me\kirana-bazaar\target\classes started by Harsh_Nain in D:\Project by me\kirana-bazaar)
2026-05-24 13:53:44.579 DEBUG [main] KiranaBazaarApplication - Running with Spring Boot v3.5.0, Spring v6.2.7
2026-05-24 13:53:44.586 INFO  [main] KiranaBazaarApplication - No active profile set, falling back to 1 default profile: "default"
2026-05-24 13:53:49.354 INFO  [main] Http11NioProtocol - Initializing ProtocolHandler ["http-nio-8081"]
2026-05-24 13:53:49.362 INFO  [main] StandardService - Starting service [Tomcat]
2026-05-24 13:53:49.363 INFO  [main] StandardEngine - Starting Servlet engine: [Apache Tomcat/10.1.41]
2026-05-24 13:53:49.524 INFO  [main] [/] - Initializing Spring embedded WebApplicationContext
2026-05-24 13:53:50.020 INFO  [main] LogHelper - HHH000204: Processing PersistenceUnitInfo [name: default]
2026-05-24 13:53:50.224 INFO  [main] Version - HHH000412: Hibernate ORM core version 6.6.15.Final
2026-05-24 13:53:50.366 INFO  [main] RegionFactoryInitiator - HHH000026: Second-level cache disabled
2026-05-24 13:53:51.551 INFO  [main] HikariDataSource - HikariPool-1 - Starting...
2026-05-24 13:53:52.633 INFO  [main] HikariPool - HikariPool-1 - Added connection com.mysql.cj.jdbc.ConnectionImpl@4f82248f
2026-05-24 13:53:52.645 INFO  [main] HikariDataSource - HikariPool-1 - Start completed.
2026-05-24 13:53:52.977 WARN  [main] deprecation - HHH90000025: MySQLDialect does not need to be specified explicitly using 'hibernate.dialect' (remove the property setting and it will be selected by default)
2026-05-24 13:53:53.104 INFO  [main] pooling - HHH10001005: Database info:
	Database JDBC URL [Connecting through datasource 'HikariDataSource (HikariPool-1)']
	Database driver: undefined/unknown
	Database version: 8.0.45
	Autocommit mode: undefined/unknown
	Isolation level: undefined/unknown
	Minimum pool size: undefined/unknown
	Maximum pool size: undefined/unknown
2026-05-24 13:53:55.974 INFO  [main] JtaPlatformInitiator - HHH000489: No JTA platform available (set 'hibernate.transaction.jta.platform' to enable JTA platform integration)
2026-05-24 13:53:57.774 DEBUG [main] JwtAuthFilter - Filter 'jwtAuthFilter' configured for use
2026-05-24 13:53:58.096 WARN  [main] JpaBaseConfiguration$JpaWebConfiguration - spring.jpa.open-in-view is enabled by default. Therefore, database queries may be performed during view rendering. Explicitly configure spring.jpa.open-in-view to disable this warning
2026-05-24 13:53:58.158 INFO  [main] InitializeUserDetailsBeanManagerConfigurer$InitializeUserDetailsManagerConfigurer - Global AuthenticationManager configured with UserDetailsService bean with name customUserDetailsService
2026-05-24 13:53:59.171 DEBUG [main] DefaultSecurityFilterChain - Will secure any request with filters: DisableEncodeUrlFilter, WebAsyncManagerIntegrationFilter, SecurityContextHolderFilter, HeaderWriterFilter, CorsFilter, LogoutFilter, JwtAuthFilter, RequestCacheAwareFilter, SecurityContextHolderAwareRequestFilter, AnonymousAuthenticationFilter, SessionManagementFilter, ExceptionTranslationFilter, AuthorizationFilter
2026-05-24 13:54:00.022 INFO  [main] Http11NioProtocol - Starting ProtocolHandler ["http-nio-8081"]
2026-05-24 13:54:00.473 INFO  [main] KiranaBazaarApplication - Started KiranaBazaarApplication in 17.862 seconds (process running for 18.958)
2026-05-24 13:57:08.912 INFO  [http-nio-8081-exec-1] [/] - Initializing Spring DispatcherServlet 'dispatcherServlet'
2026-05-24 13:57:08.965 DEBUG [http-nio-8081-exec-1] FilterChainProxy - Securing GET /api/products/5
2026-05-24 13:57:08.979 DEBUG [http-nio-8081-exec-1] AnonymousAuthenticationFilter - Set SecurityContextHolder to anonymous SecurityContext
2026-05-24 13:57:08.982 DEBUG [http-nio-8081-exec-1] FilterChainProxy - Secured GET /api/products/5
2026-05-24 13:57:09.017 DEBUG [http-nio-8081-exec-1] ProductController - GET /api/products/5
2026-05-24 13:57:09.017 DEBUG [http-nio-8081-exec-1] ProductService - Fetching product by id=5
2026-05-24 13:59:26.649 DEBUG [http-nio-8081-exec-2] FilterChainProxy - Securing OPTIONS /api/products?page=0&size=8
2026-05-24 13:59:26.707 DEBUG [http-nio-8081-exec-4] FilterChainProxy - Securing GET /api/products?page=0&size=8
2026-05-24 14:00:24.287 DEBUG [http-nio-8081-exec-5] FilterChainProxy - Securing OPTIONS /api/users/register
2026-05-24 14:00:24.301 DEBUG [http-nio-8081-exec-6] FilterChainProxy - Securing POST /api/users/register
2026-05-24 14:00:24.301 DEBUG [http-nio-8081-exec-6] AnonymousAuthenticationFilter - Set SecurityContextHolder to anonymous SecurityContext
2026-05-24 14:00:24.301 DEBUG [http-nio-8081-exec-6] FilterChainProxy - Secured POST /api/users/register
2026-05-24 14:00:24.866 INFO  [http-nio-8081-exec-6] UserController - REGISTER HIT: swativersion2@gmail.com
2026-05-24 14:00:24.866 INFO  [http-nio-8081-exec-6] UserService - Registering new user: swativersion2@gmail.com
2026-05-24 14:00:26.482 INFO  [http-nio-8081-exec-6] UserService - User registered: userId=30
2026-05-24 14:00:42.363 DEBUG [http-nio-8081-exec-7] FilterChainProxy - Securing OPTIONS /api/users/login
2026-05-24 14:00:42.378 DEBUG [http-nio-8081-exec-8] FilterChainProxy - Securing POST /api/users/login
2026-05-24 14:00:42.380 DEBUG [http-nio-8081-exec-8] AnonymousAuthenticationFilter - Set SecurityContextHolder to anonymous SecurityContext
2026-05-24 14:00:42.380 DEBUG [http-nio-8081-exec-8] FilterChainProxy - Secured POST /api/users/login
2026-05-24 14:00:42.382 INFO  [http-nio-8081-exec-8] UserController - LOGIN attempt: swativersion2@gmail.com
2026-05-24 14:00:42.382 INFO  [http-nio-8081-exec-8] UserService - Login attempt: swativersion2@gmail.com
2026-05-24 14:00:43.231 INFO  [http-nio-8081-exec-8] UserService - Login success: userId=30
2026-05-24 14:00:43.231 INFO  [http-nio-8081-exec-8] UserController - LOGIN success: swativersion2@gmail.com
2026-05-24 14:00:43.324 DEBUG [http-nio-8081-exec-9] FilterChainProxy - Securing GET /api/products?page=0&size=8
2026-05-24 14:00:43.400 DEBUG [http-nio-8081-exec-9] CustomUserDetailsService - Spring Security loaded user: swativersion2@gmail.com, role=USER
2026-05-24 14:00:43.412 DEBUG [http-nio-8081-exec-9] FilterChainProxy - Secured GET /api/products?page=0&size=8
2026-05-24 14:00:43.429 DEBUG [http-nio-8081-exec-9] ProductController - GET /api/products
2026-05-24 14:00:43.429 DEBUG [http-nio-8081-exec-9] ProductService - Fetching all products
2026-05-24 14:00:43.437 INFO  [http-nio-8081-exec-9] ProductService - Fetched 5 products
2026-05-24 14:00:52.910 DEBUG [http-nio-8081-exec-10] FilterChainProxy - Securing OPTIONS /api/users/30
2026-05-24 14:00:52.942 DEBUG [http-nio-8081-exec-1] FilterChainProxy - Securing GET /api/users/30
2026-05-24 14:00:52.958 DEBUG [http-nio-8081-exec-1] CustomUserDetailsService - Spring Security loaded user: swativersion2@gmail.com, role=USER
2026-05-24 14:00:52.966 DEBUG [http-nio-8081-exec-1] FilterChainProxy - Secured GET /api/users/30
2026-05-24 14:00:52.966 DEBUG [http-nio-8081-exec-1] UserController - GET profile userId=30
2026-05-24 14:00:52.966 DEBUG [http-nio-8081-exec-1] UserService - Fetching user: userId=30
2026-05-24 14:01:01.030 DEBUG [http-nio-8081-exec-3] FilterChainProxy - Securing OPTIONS /api/orders/my?userId=30
2026-05-24 14:01:01.037 DEBUG [http-nio-8081-exec-2] FilterChainProxy - Securing GET /api/orders/my?userId=30
2026-05-24 14:01:01.044 DEBUG [http-nio-8081-exec-2] CustomUserDetailsService - Spring Security loaded user: swativersion2@gmail.com, role=USER
2026-05-24 14:01:01.050 DEBUG [http-nio-8081-exec-2] FilterChainProxy - Secured GET /api/orders/my?userId=30
2026-05-24 14:01:01.189 DEBUG [http-nio-8081-exec-2] OrderController - GET api/orders/my — userId=30
2026-05-24 14:01:01.190 DEBUG [http-nio-8081-exec-2] OrderService - Fetching orders for userId=30
2026-05-24 14:01:03.823 DEBUG [http-nio-8081-exec-4] FilterChainProxy - Securing OPTIONS /api/addresses/user/30
2026-05-24 14:01:03.828 DEBUG [http-nio-8081-exec-4] FilterChainProxy - Securing GET /api/addresses/user/30
2026-05-24 14:01:03.835 DEBUG [http-nio-8081-exec-4] CustomUserDetailsService - Spring Security loaded user: swativersion2@gmail.com, role=USER
2026-05-24 14:01:03.835 DEBUG [http-nio-8081-exec-4] FilterChainProxy - Secured GET /api/addresses/user/30
2026-05-24 14:01:03.844 DEBUG [http-nio-8081-exec-4] AddressController - GET /api/addresses/user/30
2026-05-24 14:01:03.844 DEBUG [http-nio-8081-exec-4] AddressService - getUserAddresses called: userId=30
2026-05-24 14:01:04.404 INFO  [http-nio-8081-exec-4] AddressService - Addresses fetched: userId=30, count=0
2026-05-24 14:01:35.431 DEBUG [http-nio-8081-exec-7] FilterChainProxy - Securing GET /api/products?page=0&size=8
2026-05-24 14:01:35.453 DEBUG [http-nio-8081-exec-7] CustomUserDetailsService - Spring Security loaded user: swativersion2@gmail.com, role=USER
2026-05-24 14:01:35.465 DEBUG [http-nio-8081-exec-7] FilterChainProxy - Secured GET /api/products?page=0&size=8
2026-05-24 14:01:35.466 DEBUG [http-nio-8081-exec-7] ProductController - GET /api/products
2026-05-24 14:01:35.467 DEBUG [http-nio-8081-exec-7] ProductService - Fetching all products
2026-05-24 14:01:35.489 INFO  [http-nio-8081-exec-7] ProductService - Fetched 5 products
2026-05-24 14:01:50.432 DEBUG [http-nio-8081-exec-8] FilterChainProxy - Securing GET /api/products?page=0&size=8
2026-05-24 14:01:50.440 DEBUG [http-nio-8081-exec-8] CustomUserDetailsService - Spring Security loaded user: swativersion2@gmail.com, role=USER
2026-05-24 14:01:50.443 DEBUG [http-nio-8081-exec-8] FilterChainProxy - Secured GET /api/products?page=0&size=8
2026-05-24 14:01:50.444 DEBUG [http-nio-8081-exec-8] ProductController - GET /api/products
2026-05-24 14:01:50.444 DEBUG [http-nio-8081-exec-8] ProductService - Fetching all products
2026-05-24 14:01:50.449 INFO  [http-nio-8081-exec-8] ProductService - Fetched 5 products
2026-05-24 14:01:53.232 DEBUG [http-nio-8081-exec-9] FilterChainProxy - Securing OPTIONS /api/products?category=Fruits&search=
2026-05-24 14:01:53.240 DEBUG [http-nio-8081-exec-10] FilterChainProxy - Securing GET /api/products?category=Fruits&search=
2026-05-24 14:01:53.254 DEBUG [http-nio-8081-exec-10] CustomUserDetailsService - Spring Security loaded user: swativersion2@gmail.com, role=USER
2026-05-24 14:01:53.257 DEBUG [http-nio-8081-exec-10] FilterChainProxy - Secured GET /api/products?category=Fruits&search=
2026-05-24 14:01:53.257 DEBUG [http-nio-8081-exec-10] ProductController - GET /api/products
2026-05-24 14:01:53.257 DEBUG [http-nio-8081-exec-10] ProductService - Fetching all products
2026-05-24 14:01:53.277 INFO  [http-nio-8081-exec-10] ProductService - Fetched 5 products
2026-05-24 14:02:03.824 DEBUG [http-nio-8081-exec-1] FilterChainProxy - Securing GET /api/addresses/user/30
2026-05-24 14:02:03.831 DEBUG [http-nio-8081-exec-1] CustomUserDetailsService - Spring Security loaded user: swativersion2@gmail.com, role=USER
2026-05-24 14:02:03.834 DEBUG [http-nio-8081-exec-1] FilterChainProxy - Secured GET /api/addresses/user/30
2026-05-24 14:02:03.835 DEBUG [http-nio-8081-exec-1] AddressController - GET /api/addresses/user/30
2026-05-24 14:02:03.835 DEBUG [http-nio-8081-exec-1] AddressService - getUserAddresses called: userId=30
2026-05-24 14:02:03.839 INFO  [http-nio-8081-exec-1] AddressService - Addresses fetched: userId=30, count=0
2026-05-24 14:03:30.235 DEBUG [http-nio-8081-exec-2] FilterChainProxy - Securing GET /api/addresses/user/30
2026-05-24 14:03:30.246 DEBUG [http-nio-8081-exec-2] CustomUserDetailsService - Spring Security loaded user: swativersion2@gmail.com, role=USER
2026-05-24 14:03:30.252 DEBUG [http-nio-8081-exec-2] FilterChainProxy - Secured GET /api/addresses/user/30
2026-05-24 14:03:30.254 DEBUG [http-nio-8081-exec-2] AddressController - GET /api/addresses/user/30
2026-05-24 14:03:30.254 DEBUG [http-nio-8081-exec-2] AddressService - getUserAddresses called: userId=30
2026-05-24 14:03:30.258 INFO  [http-nio-8081-exec-2] AddressService - Addresses fetched: userId=30, count=0
2026-05-24 14:08:32.071 DEBUG [http-nio-8081-exec-4] FilterChainProxy - Securing GET /api/addresses/user/30
2026-05-24 14:08:32.294 DEBUG [http-nio-8081-exec-4] CustomUserDetailsService - Spring Security loaded user: swativersion2@gmail.com, role=USER
2026-05-24 14:08:32.310 DEBUG [http-nio-8081-exec-4] FilterChainProxy - Secured GET /api/addresses/user/30
2026-05-24 14:08:32.352 DEBUG [http-nio-8081-exec-4] AddressController - GET /api/addresses/user/30
2026-05-24 14:08:32.352 DEBUG [http-nio-8081-exec-4] AddressService - getUserAddresses called: userId=30
2026-05-24 14:08:32.373 INFO  [http-nio-8081-exec-4] AddressService - Addresses fetched: userId=30, count=0
2026-05-24 14:09:53.336 DEBUG [http-nio-8081-exec-7] FilterChainProxy - Securing GET /api/addresses/user/30
2026-05-24 14:09:53.485 DEBUG [http-nio-8081-exec-7] CustomUserDetailsService - Spring Security loaded user: swativersion2@gmail.com, role=USER
2026-05-24 14:09:53.496 DEBUG [http-nio-8081-exec-7] FilterChainProxy - Secured GET /api/addresses/user/30
2026-05-24 14:09:53.506 DEBUG [http-nio-8081-exec-7] AddressController - GET /api/addresses/user/30
2026-05-24 14:09:53.506 DEBUG [http-nio-8081-exec-7] AddressService - getUserAddresses called: userId=30
2026-05-24 14:09:53.512 INFO  [http-nio-8081-exec-7] AddressService - Addresses fetched: userId=30, count=0
2026-05-24 14:10:52.573 DEBUG [http-nio-8081-exec-8] FilterChainProxy - Securing GET /api/addresses/user/30
2026-05-24 14:10:52.601 DEBUG [http-nio-8081-exec-8] CustomUserDetailsService - Spring Security loaded user: swativersion2@gmail.com, role=USER
2026-05-24 14:10:52.618 DEBUG [http-nio-8081-exec-8] FilterChainProxy - Secured GET /api/addresses/user/30
2026-05-24 14:10:52.618 DEBUG [http-nio-8081-exec-8] AddressController - GET /api/addresses/user/30
2026-05-24 14:10:52.618 DEBUG [http-nio-8081-exec-8] AddressService - getUserAddresses called: userId=30
2026-05-24 14:10:52.639 INFO  [http-nio-8081-exec-8] AddressService - Addresses fetched: userId=30, count=0
2026-05-24 14:11:01.264 DEBUG [http-nio-8081-exec-9] FilterChainProxy - Securing GET /api/addresses/user/30
2026-05-24 14:11:01.280 DEBUG [http-nio-8081-exec-9] CustomUserDetailsService - Spring Security loaded user: swativersion2@gmail.com, role=USER
2026-05-24 14:11:01.327 DEBUG [http-nio-8081-exec-9] FilterChainProxy - Secured GET /api/addresses/user/30
2026-05-24 14:11:01.339 DEBUG [http-nio-8081-exec-9] AddressController - GET /api/addresses/user/30
2026-05-24 14:11:01.339 DEBUG [http-nio-8081-exec-9] AddressService - getUserAddresses called: userId=30
2026-05-24 14:11:01.475 INFO  [http-nio-8081-exec-9] AddressService - Addresses fetched: userId=30, count=0
2026-05-24 14:11:06.629 DEBUG [http-nio-8081-exec-10] FilterChainProxy - Securing GET /api/addresses/user/30
2026-05-24 14:11:06.694 DEBUG [http-nio-8081-exec-10] CustomUserDetailsService - Spring Security loaded user: swativersion2@gmail.com, role=USER
2026-05-24 14:11:06.718 DEBUG [http-nio-8081-exec-10] FilterChainProxy - Secured GET /api/addresses/user/30
2026-05-24 14:11:06.718 DEBUG [http-nio-8081-exec-10] AddressController - GET /api/addresses/user/30
2026-05-24 14:11:06.718 DEBUG [http-nio-8081-exec-10] AddressService - getUserAddresses called: userId=30
2026-05-24 14:11:06.718 INFO  [http-nio-8081-exec-10] AddressService - Addresses fetched: userId=30, count=0
2026-05-24 14:11:10.974 DEBUG [http-nio-8081-exec-1] FilterChainProxy - Securing GET /api/addresses/user/30
2026-05-24 14:11:10.990 DEBUG [http-nio-8081-exec-1] CustomUserDetailsService - Spring Security loaded user: swativersion2@gmail.com, role=USER
2026-05-24 14:11:11.003 DEBUG [http-nio-8081-exec-1] FilterChainProxy - Secured GET /api/addresses/user/30
2026-05-24 14:11:11.004 DEBUG [http-nio-8081-exec-1] AddressController - GET /api/addresses/user/30
2026-05-24 14:11:11.005 DEBUG [http-nio-8081-exec-1] AddressService - getUserAddresses called: userId=30
2026-05-24 14:11:11.010 INFO  [http-nio-8081-exec-1] AddressService - Addresses fetched: userId=30, count=0
2026-05-24 14:11:57.131 DEBUG [http-nio-8081-exec-3] FilterChainProxy - Securing OPTIONS /api/orders?userId=30
2026-05-24 14:11:57.131 DEBUG [http-nio-8081-exec-2] FilterChainProxy - Securing POST /api/orders?userId=30
2026-05-24 14:11:57.227 DEBUG [http-nio-8081-exec-2] CustomUserDetailsService - Spring Security loaded user: swativersion2@gmail.com, role=USER
2026-05-24 14:11:57.243 DEBUG [http-nio-8081-exec-2] FilterChainProxy - Secured POST /api/orders?userId=30
2026-05-24 14:11:57.310 INFO  [http-nio-8081-exec-2] OrderController - POST api/orders — userId=30
2026-05-24 14:11:57.428 INFO  [http-nio-8081-exec-2] OrderService - Placing order for userId=30
2026-05-24 14:11:57.793 ERROR [http-nio-8081-exec-2] GlobalExceptionHandler - Unexpected error occurred: Cannot invoke "Object.toString()" because the return value of "java.util.Map.get(Object)" is null
java.lang.NullPointerException: Cannot invoke "Object.toString()" because the return value of "java.util.Map.get(Object)" is null
	at com.kiranabazaar.service.OrderService.placeOrder(OrderService.java:89)
	at java.base/jdk.internal.reflect.DirectMethodHandleAccessor.invoke(DirectMethodHandleAccessor.java:103)
	at java.base/java.lang.reflect.Method.invoke(Method.java:580)
	at org.springframework.aop.support.AopUtils.invokeJoinpointUsingReflection(AopUtils.java:359)
	at org.springframework.aop.framework.ReflectiveMethodInvocation.invokeJoinpoint(ReflectiveMethodInvocation.java:196)
	at org.springframework.aop.framework.ReflectiveMethodInvocation.proceed(ReflectiveMethodInvocation.java:163)
	at org.springframework.transaction.interceptor.TransactionAspectSupport.invokeWithinTransaction(TransactionAspectSupport.java:380)
	at org.springframework.transaction.interceptor.TransactionInterceptor.invoke(TransactionInterceptor.java:119)
	at org.springframework.aop.framework.ReflectiveMethodInvocation.proceed(ReflectiveMethodInvocation.java:184)
	at org.springframework.aop.framework.CglibAopProxy$DynamicAdvisedInterceptor.intercept(CglibAopProxy.java:728)
	at com.kiranabazaar.service.OrderService$$SpringCGLIB$$0.placeOrder(<generated>)
	at com.kiranabazaar.controller.OrderController.placeOrder(OrderController.java:38)
	at java.base/jdk.internal.reflect.DirectMethodHandleAccessor.invoke(DirectMethodHandleAccessor.java:103)
	at java.base/java.lang.reflect.Method.invoke(Method.java:580)
	at org.springframework.web.method.support.InvocableHandlerMethod.doInvoke(InvocableHandlerMethod.java:258)
	at org.springframework.web.method.support.InvocableHandlerMethod.invokeForRequest(InvocableHandlerMethod.java:191)
	at org.springframework.web.servlet.mvc.method.annotation.ServletInvocableHandlerMethod.invokeAndHandle(ServletInvocableHandlerMethod.java:118)
	at org.springframework.web.servlet.mvc.method.annotation.RequestMappingHandlerAdapter.invokeHandlerMethod(RequestMappingHandlerAdapter.java:986)
	at org.springframework.web.servlet.mvc.method.annotation.RequestMappingHandlerAdapter.handleInternal(RequestMappingHandlerAdapter.java:891)
	at org.springframework.web.servlet.mvc.method.AbstractHandlerMethodAdapter.handle(AbstractHandlerMethodAdapter.java:87)
	at org.springframework.web.servlet.DispatcherServlet.doDispatch(DispatcherServlet.java:1089)
	at org.springframework.web.servlet.DispatcherServlet.doService(DispatcherServlet.java:979)
	at org.springframework.web.servlet.FrameworkServlet.processRequest(FrameworkServlet.java:1014)
	at org.springframework.web.servlet.FrameworkServlet.doPost(FrameworkServlet.java:914)
	at jakarta.servlet.http.HttpServlet.service(HttpServlet.java:590)
	at org.springframework.web.servlet.FrameworkServlet.service(FrameworkServlet.java:885)
	at jakarta.servlet.http.HttpServlet.service(HttpServlet.java:658)
	at org.apache.catalina.core.ApplicationFilterChain.internalDoFilter(ApplicationFilterChain.java:195)
	at org.apache.catalina.core.ApplicationFilterChain.doFilter(ApplicationFilterChain.java:140)
	at org.apache.tomcat.websocket.server.WsFilter.doFilter(WsFilter.java:51)
	at org.apache.catalina.core.ApplicationFilterChain.internalDoFilter(ApplicationFilterChain.java:164)
	at org.apache.catalina.core.ApplicationFilterChain.doFilter(ApplicationFilterChain.java:140)
	at org.springframework.web.filter.OncePerRequestFilter.doFilter(OncePerRequestFilter.java:110)
	at org.apache.catalina.core.ApplicationFilterChain.internalDoFilter(ApplicationFilterChain.java:164)
	at org.apache.catalina.core.ApplicationFilterChain.doFilter(ApplicationFilterChain.java:140)
	at org.springframework.web.filter.CompositeFilter$VirtualFilterChain.doFilter(CompositeFilter.java:108)
	at org.springframework.web.filter.CompositeFilter$VirtualFilterChain.doFilter(CompositeFilter.java:108)
	at org.springframework.security.web.FilterChainProxy.lambda$doFilterInternal$3(FilterChainProxy.java:231)
	at org.springframework.security.web.FilterChainProxy$VirtualFilterChain.doFilter(FilterChainProxy.java:365)
	at org.springframework.security.web.access.intercept.AuthorizationFilter.doFilter(AuthorizationFilter.java:101)
	at org.springframework.security.web.FilterChainProxy$VirtualFilterChain.doFilter(FilterChainProxy.java:374)
	at org.springframework.security.web.access.ExceptionTranslationFilter.doFilter(ExceptionTranslationFilter.java:125)
	at org.springframework.security.web.access.ExceptionTranslationFilter.doFilter(ExceptionTranslationFilter.java:119)
	at org.springframework.security.web.FilterChainProxy$VirtualFilterChain.doFilter(FilterChainProxy.java:374)
	at org.springframework.security.web.session.SessionManagementFilter.doFilter(SessionManagementFilter.java:131)
	at org.springframework.security.web.session.SessionManagementFilter.doFilter(SessionManagementFilter.java:85)
	at org.springframework.security.web.FilterChainProxy$VirtualFilterChain.doFilter(FilterChainProxy.java:374)
	at org.springframework.security.web.authentication.AnonymousAuthenticationFilter.doFilter(AnonymousAuthenticationFilter.java:100)
	at org.springframework.security.web.FilterChainProxy$VirtualFilterChain.doFilter(FilterChainProxy.java:374)
	at org.springframework.security.web.servletapi.SecurityContextHolderAwareRequestFilter.doFilter(SecurityContextHolderAwareRequestFilter.java:179)
	at org.springframework.security.web.FilterChainProxy$VirtualFilterChain.doFilter(FilterChainProxy.java:374)
	at org.springframework.security.web.savedrequest.RequestCacheAwareFilter.doFilter(RequestCacheAwareFilter.java:63)
	at org.springframework.security.web.FilterChainProxy$VirtualFilterChain.doFilter(FilterChainProxy.java:374)
	at com.kiranabazaar.config.JwtAuthFilter.doFilterInternal(JwtAuthFilter.java:92)
	at org.springframework.web.filter.OncePerRequestFilter.doFilter(OncePerRequestFilter.java:116)
	at org.springframework.security.web.FilterChainProxy$VirtualFilterChain.doFilter(FilterChainProxy.java:374)
	at org.springframework.security.web.authentication.logout.LogoutFilter.doFilter(LogoutFilter.java:107)
	at org.springframework.security.web.authentication.logout.LogoutFilter.doFilter(LogoutFilter.java:93)
	at org.springframework.security.web.FilterChainProxy$VirtualFilterChain.doFilter(FilterChainProxy.java:374)
	at org.springframework.web.filter.CorsFilter.doFilterInternal(CorsFilter.java:91)
	at org.springframework.web.filter.OncePerRequestFilter.doFilter(OncePerRequestFilter.java:116)
	at org.springframework.security.web.FilterChainProxy$VirtualFilterChain.doFilter(FilterChainProxy.java:374)
	at org.springframework.security.web.header.HeaderWriterFilter.doHeadersAfter(HeaderWriterFilter.java:90)
	at org.springframework.security.web.header.HeaderWriterFilter.doFilterInternal(HeaderWriterFilter.java:75)
	at org.springframework.web.filter.OncePerRequestFilter.doFilter(OncePerRequestFilter.java:116)
	at org.springframework.security.web.FilterChainProxy$VirtualFilterChain.doFilter(FilterChainProxy.java:374)
	at org.springframework.security.web.context.SecurityContextHolderFilter.doFilter(SecurityContextHolderFilter.java:82)
	at org.springframework.security.web.context.SecurityContextHolderFilter.doFilter(SecurityContextHolderFilter.java:69)
	at org.springframework.security.web.FilterChainProxy$VirtualFilterChain.doFilter(FilterChainProxy.java:374)
	at org.springframework.security.web.context.request.async.WebAsyncManagerIntegrationFilter.doFilterInternal(WebAsyncManagerIntegrationFilter.java:62)
	at org.springframework.web.filter.OncePerRequestFilter.doFilter(OncePerRequestFilter.java:116)
	at org.springframework.security.web.FilterChainProxy$VirtualFilterChain.doFilter(FilterChainProxy.java:374)
	at org.springframework.security.web.session.DisableEncodeUrlFilter.doFilterInternal(DisableEncodeUrlFilter.java:42)
	at org.springframework.web.filter.OncePerRequestFilter.doFilter(OncePerRequestFilter.java:116)
	at org.springframework.security.web.FilterChainProxy$VirtualFilterChain.doFilter(FilterChainProxy.java:374)
	at org.springframework.security.web.FilterChainProxy.doFilterInternal(FilterChainProxy.java:233)
	at org.springframework.security.web.FilterChainProxy.doFilter(FilterChainProxy.java:191)
	at org.springframework.web.filter.CompositeFilter$VirtualFilterChain.doFilter(CompositeFilter.java:113)
	at org.springframework.web.filter.ServletRequestPathFilter.doFilter(ServletRequestPathFilter.java:52)
	at org.springframework.web.filter.CompositeFilter$VirtualFilterChain.doFilter(CompositeFilter.java:113)
	at org.springframework.web.filter.CompositeFilter.doFilter(CompositeFilter.java:74)
	at org.springframework.security.config.annotation.web.configuration.WebSecurityConfiguration$CompositeFilterChainProxy.doFilter(WebSecurityConfiguration.java:319)
	at org.springframework.web.filter.CompositeFilter$VirtualFilterChain.doFilter(CompositeFilter.java:113)
	at org.springframework.web.servlet.handler.HandlerMappingIntrospector.lambda$createCacheFilter$3(HandlerMappingIntrospector.java:243)
	at org.springframework.web.filter.CompositeFilter$VirtualFilterChain.doFilter(CompositeFilter.java:113)
	at org.springframework.web.filter.CompositeFilter.doFilter(CompositeFilter.java:74)
	at org.springframework.security.config.annotation.web.configuration.WebMvcSecurityConfiguration$CompositeFilterChainProxy.doFilter(WebMvcSecurityConfiguration.java:240)
	at org.springframework.web.filter.DelegatingFilterProxy.invokeDelegate(DelegatingFilterProxy.java:362)
	at org.springframework.web.filter.DelegatingFilterProxy.doFilter(DelegatingFilterProxy.java:278)
	at org.apache.catalina.core.ApplicationFilterChain.internalDoFilter(ApplicationFilterChain.java:164)
	at org.apache.catalina.core.ApplicationFilterChain.doFilter(ApplicationFilterChain.java:140)
	at org.springframework.web.filter.RequestContextFilter.doFilterInternal(RequestContextFilter.java:100)
	at org.springframework.web.filter.OncePerRequestFilter.doFilter(OncePerRequestFilter.java:116)
	at org.apache.catalina.core.ApplicationFilterChain.internalDoFilter(ApplicationFilterChain.java:164)
	at org.apache.catalina.core.ApplicationFilterChain.doFilter(ApplicationFilterChain.java:140)
	at org.springframework.web.filter.FormContentFilter.doFilterInternal(FormContentFilter.java:93)
	at org.springframework.web.filter.OncePerRequestFilter.doFilter(OncePerRequestFilter.java:116)
	at org.apache.catalina.core.ApplicationFilterChain.internalDoFilter(ApplicationFilterChain.java:164)
	at org.apache.catalina.core.ApplicationFilterChain.doFilter(ApplicationFilterChain.java:140)
	at org.springframework.web.filter.CharacterEncodingFilter.doFilterInternal(CharacterEncodingFilter.java:201)
	at org.springframework.web.filter.OncePerRequestFilter.doFilter(OncePerRequestFilter.java:116)
	at org.apache.catalina.core.ApplicationFilterChain.internalDoFilter(ApplicationFilterChain.java:164)
	at org.apache.catalina.core.ApplicationFilterChain.doFilter(ApplicationFilterChain.java:140)
	at org.apache.catalina.core.StandardWrapperValve.invoke(StandardWrapperValve.java:167)
	at org.apache.catalina.core.StandardContextValve.invoke(StandardContextValve.java:90)
	at org.apache.catalina.authenticator.AuthenticatorBase.invoke(AuthenticatorBase.java:483)
	at org.apache.catalina.core.StandardHostValve.invoke(StandardHostValve.java:116)
	at org.apache.catalina.valves.ErrorReportValve.invoke(ErrorReportValve.java:93)
	at org.apache.catalina.core.StandardEngineValve.invoke(StandardEngineValve.java:74)
	at org.apache.catalina.connector.CoyoteAdapter.service(CoyoteAdapter.java:344)
	at org.apache.coyote.http11.Http11Processor.service(Http11Processor.java:398)
	at org.apache.coyote.AbstractProcessorLight.process(AbstractProcessorLight.java:63)
	at org.apache.coyote.AbstractProtocol$ConnectionHandler.process(AbstractProtocol.java:903)
	at org.apache.tomcat.util.net.NioEndpoint$SocketProcessor.doRun(NioEndpoint.java:1740)
	at org.apache.tomcat.util.net.SocketProcessorBase.run(SocketProcessorBase.java:52)
	at org.apache.tomcat.util.threads.ThreadPoolExecutor.runWorker(ThreadPoolExecutor.java:1189)
	at org.apache.tomcat.util.threads.ThreadPoolExecutor$Worker.run(ThreadPoolExecutor.java:658)
	at org.apache.tomcat.util.threads.TaskThread$WrappingRunnable.run(TaskThread.java:63)
	at java.base/java.lang.Thread.run(Thread.java:1583)
2026-05-24 14:14:21.956 DEBUG [http-nio-8081-exec-5] FilterChainProxy - Securing GET /api/addresses/user/30
2026-05-24 14:14:21.969 DEBUG [http-nio-8081-exec-5] CustomUserDetailsService - Spring Security loaded user: swativersion2@gmail.com, role=USER
2026-05-24 14:14:21.973 DEBUG [http-nio-8081-exec-5] FilterChainProxy - Secured GET /api/addresses/user/30
2026-05-24 14:14:21.974 DEBUG [http-nio-8081-exec-5] AddressController - GET /api/addresses/user/30
2026-05-24 14:14:21.974 DEBUG [http-nio-8081-exec-5] AddressService - getUserAddresses called: userId=30
2026-05-24 14:14:21.979 INFO  [http-nio-8081-exec-5] AddressService - Addresses fetched: userId=30, count=0
2026-05-24 14:15:01.360 DEBUG [http-nio-8081-exec-4] FilterChainProxy - Securing GET /api/addresses/user/30
2026-05-24 14:15:01.385 DEBUG [http-nio-8081-exec-4] CustomUserDetailsService - Spring Security loaded user: swativersion2@gmail.com, role=USER
2026-05-24 14:15:01.416 DEBUG [http-nio-8081-exec-4] FilterChainProxy - Secured GET /api/addresses/user/30
2026-05-24 14:15:01.418 DEBUG [http-nio-8081-exec-4] AddressController - GET /api/addresses/user/30
2026-05-24 14:15:01.418 DEBUG [http-nio-8081-exec-4] AddressService - getUserAddresses called: userId=30
2026-05-24 14:15:01.427 INFO  [http-nio-8081-exec-4] AddressService - Addresses fetched: userId=30, count=0
2026-05-24 14:16:30.911 DEBUG [http-nio-8081-exec-7] FilterChainProxy - Securing GET /api/addresses/user/30
2026-05-24 14:16:30.972 DEBUG [http-nio-8081-exec-7] CustomUserDetailsService - Spring Security loaded user: swativersion2@gmail.com, role=USER
2026-05-24 14:16:31.055 DEBUG [http-nio-8081-exec-7] FilterChainProxy - Secured GET /api/addresses/user/30
2026-05-24 14:16:31.089 DEBUG [http-nio-8081-exec-7] AddressController - GET /api/addresses/user/30
2026-05-24 14:16:31.089 DEBUG [http-nio-8081-exec-7] AddressService - getUserAddresses called: userId=30
2026-05-24 14:16:31.126 INFO  [http-nio-8081-exec-7] AddressService - Addresses fetched: userId=30, count=0
2026-05-24 14:16:46.908 DEBUG [http-nio-8081-exec-8] FilterChainProxy - Securing POST /api/orders?userId=30
2026-05-24 14:16:46.941 DEBUG [http-nio-8081-exec-8] CustomUserDetailsService - Spring Security loaded user: swativersion2@gmail.com, role=USER
2026-05-24 14:16:47.008 DEBUG [http-nio-8081-exec-8] FilterChainProxy - Secured POST /api/orders?userId=30
2026-05-24 14:16:47.008 INFO  [http-nio-8081-exec-8] OrderController - POST api/orders — userId=30
2026-05-24 14:16:47.008 INFO  [http-nio-8081-exec-8] OrderService - Placing order for userId=30
2026-05-24 14:16:49.757 INFO  [http-nio-8081-exec-8] OrderService - Order placed: orderId=12, userId=30, total=40.0, items=1
2026-05-24 14:16:50.291 INFO  [http-nio-8081-exec-8] OrderController - Order placed: orderId=12
2026-05-24 14:16:55.242 DEBUG [http-nio-8081-exec-9] FilterChainProxy - Securing GET /api/orders/my?userId=30
2026-05-24 14:16:55.273 DEBUG [http-nio-8081-exec-9] CustomUserDetailsService - Spring Security loaded user: swativersion2@gmail.com, role=USER
2026-05-24 14:16:55.308 DEBUG [http-nio-8081-exec-9] FilterChainProxy - Secured GET /api/orders/my?userId=30
2026-05-24 14:16:55.321 DEBUG [http-nio-8081-exec-9] OrderController - GET api/orders/my — userId=30
2026-05-24 14:16:55.321 DEBUG [http-nio-8081-exec-9] OrderService - Fetching orders for userId=30
2026-05-24 14:17:00.627 DEBUG [http-nio-8081-exec-10] FilterChainProxy - Securing GET /api/addresses/user/30
2026-05-24 14:17:00.728 DEBUG [http-nio-8081-exec-10] CustomUserDetailsService - Spring Security loaded user: swativersion2@gmail.com, role=USER
2026-05-24 14:17:00.742 DEBUG [http-nio-8081-exec-10] FilterChainProxy - Secured GET /api/addresses/user/30
2026-05-24 14:17:00.742 DEBUG [http-nio-8081-exec-10] AddressController - GET /api/addresses/user/30
2026-05-24 14:17:00.742 DEBUG [http-nio-8081-exec-10] AddressService - getUserAddresses called: userId=30
2026-05-24 14:17:00.744 INFO  [http-nio-8081-exec-10] AddressService - Addresses fetched: userId=30, count=0
2026-05-24 14:17:06.567 DEBUG [http-nio-8081-exec-1] FilterChainProxy - Securing GET /api/orders/my?userId=30
2026-05-24 14:17:06.576 DEBUG [http-nio-8081-exec-1] CustomUserDetailsService - Spring Security loaded user: swativersion2@gmail.com, role=USER
2026-05-24 14:17:06.583 DEBUG [http-nio-8081-exec-1] FilterChainProxy - Secured GET /api/orders/my?userId=30
2026-05-24 14:17:06.584 DEBUG [http-nio-8081-exec-1] OrderController - GET api/orders/my — userId=30
2026-05-24 14:17:06.584 DEBUG [http-nio-8081-exec-1] OrderService - Fetching orders for userId=30
2026-05-24 14:17:07.965 DEBUG [http-nio-8081-exec-3] FilterChainProxy - Securing GET /api/products?page=0&size=8
2026-05-24 14:17:07.972 DEBUG [http-nio-8081-exec-3] CustomUserDetailsService - Spring Security loaded user: swativersion2@gmail.com, role=USER
2026-05-24 14:17:07.988 DEBUG [http-nio-8081-exec-3] FilterChainProxy - Secured GET /api/products?page=0&size=8
2026-05-24 14:17:07.989 DEBUG [http-nio-8081-exec-3] ProductController - GET /api/products
2026-05-24 14:17:07.989 DEBUG [http-nio-8081-exec-3] ProductService - Fetching all products
2026-05-24 14:17:08.027 INFO  [http-nio-8081-exec-3] ProductService - Fetched 5 products
